[Bootstrap]
SetupTitle=Install
SetupText=Copying Files, please stand by.
CabFile=LilacProBackTraxPlayer.CAB
Spawn=Setup1.exe
Uninstal=st6unst.exe
TmpDir=msftqws.pdw
Cabs=1

[Bootstrap Files]
File1=@VB6STKIT.DLL,$(WinSysPathSysFile),,,6/19/09 8:51:40 PM,101888,6.0.84.50
File2=@COMCAT.DLL,$(WinSysPathSysFile),$(DLLSelfRegister),,5/31/98 12:00:00 AM,22288,4.71.1460.1
File3=@STDOLE2.TLB,$(WinSysPathSysFile),$(TLBRegister),,6/3/99 12:00:00 AM,17920,2.40.4275.1
File4=@ASYCFILT.DLL,$(WinSysPathSysFile),,,3/8/99 12:00:00 AM,147728,2.40.4275.1
File5=@OLEPRO32.DLL,$(WinSysPathSysFile),$(DLLSelfRegister),,3/8/99 12:00:00 AM,164112,5.0.4275.1
File6=@OLEAUT32.DLL,$(WinSysPathSysFile),$(DLLSelfRegister),,4/12/00 12:00:00 AM,598288,2.40.4275.1
File7=@msvbvm60.dll,$(WinSysPathSysFile),$(DLLSelfRegister),,7/14/09 3:15:50 AM,1386496,6.0.98.15

[IconGroups]
Group0=BackTraxPlayer
PrivateGroup0=-1
Parent0=$(Programs)
Group1=$(Start Menu)
PrivateGroup1=-1
Parent1=

[BackTraxPlayer]
Icon1="LilacProBackTraxPlayer.exe"
Title1=BackTraxPlayer
StartIn1=$(AppPath)

[$(Start Menu)]
Icon1="LilacProBackTraxPlayer.exe"
Title1=BackTraxPlayer
StartIn1=$(AppPath)

[Setup]
Title=BackTraxPlayer
DefaultDir=$(ProgramFiles)\BackTraxPlayer
AppExe=LilacProBackTraxPlayer.exe
AppToUninstall=LilacProBackTraxPlayer.exe

[Setup1 Files]
File1=@TagsLib.dll,$(AppPath),,$(Shared),6/27/14 11:02:24 PM,864504,1.0.19.25
File2=@ColorBar.dll,$(AppPath),,$(Shared),6/14/08 8:52:46 PM,32768,1.0.0.0
File3=@basswv.dll,$(AppPath),,$(Shared),12/5/12 5:27:08 PM,25664,2.4.4.0
File4=@basswma.dll,$(AppPath),,$(Shared),9/17/10 1:28:26 PM,17472,2.4.4.0
File5=@bassopus.dll,$(AppPath),,$(Shared),12/13/13 3:19:08 PM,58936,2.4.1.3
File6=@bassmix.dll,$(AppPath),,$(Shared),8/29/12 11:47:22 AM,18496,2.4.7.2
File7=@bassflac.dll,$(AppPath),,$(Shared),12/9/09 12:40:04 PM,25152,2.4.1.0
File8=@bassenc.dll,$(AppPath),,$(Shared),10/31/13 4:31:18 PM,17472,2.4.11.0
File9=@basscd.dll,$(AppPath),,$(Shared),6/11/14 4:18:24 PM,19478,2.4.6.0
File10=@bass_mpc.dll,$(AppPath),,$(Shared),11/13/13 6:59:06 PM,21112,2.4.1.2
File11=@bass_fx.dll,$(AppPath),,$(Shared),6/5/13 8:00:38 PM,31320,2.4.10.1
File12=@bass_ape.dll,$(AppPath),,$(Shared),8/3/11 3:48:36 PM,33456,2.4.1.0
File13=@bass_alac.dll,$(AppPath),,$(Shared),1/31/13 4:02:40 PM,9416,2.4.3.0
File14=@bass_ac3.dll,$(AppPath),,$(Shared),12/10/12 1:34:28 PM,16528,2.4.0.3
File15=@bass_aac.dll,$(AppPath),,$(Shared),6/11/13 11:43:28 AM,149672,2.4.4.4
File16=@vsflex8l.ocx,$(AppPath),$(DLLSelfRegister),$(Shared),12/2/02 8:45:00 AM,517392,8.0.20031.11
File17=@vbalIml240_10Tec.ocx,$(AppPath),$(DLLSelfRegister),$(Shared),4/15/11 10:18:30 AM,139264,2.40.0.14
File18=@cpvslider.ocx,$(AppPath),$(DLLSelfRegister),$(Shared),9/21/02 2:33:18 PM,65536,1.1.0.0
File19=@comdlg32.ocx,$(WinSysPath),$(DLLSelfRegister),$(Shared),3/8/04 9:00:00 PM,152848,6.1.97.82
File20=@MSCOMCTL.OCX,$(WinSysPath),$(DLLSelfRegister),$(Shared),4/15/14 2:34:10 AM,1070232,6.1.98.39
File21=@MSVCRT.DLL,$(WinSysPathSysFile),,,2/17/04 12:00:00 AM,278581,6.0.9782.0
File22=@THREED20.OCX,$(AppPath),$(DLLSelfRegister),$(Shared),10/7/98 12:53:18 PM,305432,2.0.4.3
File23=@ID3v23xBase.dll,$(AppPath),$(DLLSelfRegister),$(Shared),7/12/01 4:38:18 PM,90112,1.0.0.0
File24=@scrrun.dll,$(WinSysPath),$(DLLSelfRegister),$(Shared),10/12/13 4:03:31 AM,163840,5.8.7601.18283
File25=@bass.dll,$(AppPath),,$(Shared),3/24/15 2:27:12 PM,110719,2.4.11.6
File26=@bassalac.dll,$(AppPath),,$(Shared),2/2/16 5:21:22 PM,11532,2.4.0.0
File27=@uxtheme.dll,$(AppPath),$(DLLSelfRegister),$(Shared),7/14/09 3:16:17 AM,249856,6.1.7600.16385
File28=@LilacProBackTraxPlayer.exe,$(AppPath),,,9/21/16 6:50:58 AM,3731456,2.1.0.392

; The following lines may be deleted in order to obtain extra 
; space for customizing this file on a full installation diskette.
; 
; XXXXXXXXXXXXXXXXXXXXXXXXXXXXXXXXXXXXXXXXXXXXXXXXXXXXXXXXXXXX
; XXXXXXXXXXXXXXXXXXXXXXXXXXXXXXXXXXXXXXXXXXXXXXXXXXXXXXXXXXXX
; XXXXXXXXXXXXXXXXXXXXXXXXXXXXXXXXXXXXXXXXXXXXXXXXXXXXXXXXXXXX
; XXXXXXXXXXXXXXXXXXXXXXXXXXXXXXXXXXXXXXXXXXXXXXXXXXXXXXXXXXXX
; XXXXXXXXXXXXXXXXXXXXXXXXXXXXXXXXXXXXXXXXXXXXXXXXXXXXXXXXXXXX
; XXXXXXXXXXXXXXXXXXXXXXXXXXXXXXXXXXXXXXXXXXXXXXXXXXXXXXXXXXXX
; XXXXXXXXXXXXXXXXXXXXXXXXXXXXXXXXXXXXXXXXXXXXXXXXXXXXXXXXXXXX
; XXXXXXXXXXXXXXXXXXXXXXXXXXXXXXXXXXXXXXXXXXXXXXXXXXXXXXXXXXXX
; XXXXXXXXXXXXXXXXXXXXXXXXXXXXXXXXXXXXXXXXXXXXXXXXXXXXXXXXXXXX
; XXXXXXXXXXXXXXXXXXXXXXXXXXXXXXXXXXXXXXXXXXXXXXXXXXXXXXXXXXXX
; XXXXXXXXXXXXXXXXXXXXXXXXXXXXXXXXXXXXXXXXXXXXXXXXXXXXXXXXXXXX
; XXXXXXXXXXXXXXXXXXXXXXXXXXXXXXXXXXXXXXXXXXXXXXXXXXXXXXXXXXXX
; XXXXXXXXXXXXXXXXXXXXXXXXXXXXXXXXXXXXXXXXXXXXXXXXXXXXXXXXXXXX
; XXXXXXXXXXXXXXXXXXXXXXXXXXXXXXXXXXXXXXXXXXXXXXXXXXXXXXXXXXXX
; XXXXXXXXXXXXXXXXXXXXXXXXXXXXXXXXXXXXXXXXXXXXXXXXXXXXXXXXXXXX
; XXXXXXXXXXXXXXXXXXXXXXXXXXXXXXXXXXXXXXXXXXXXXXXXXXXXXXXXXXXX
; XXXXXXXXXXXXXXXXXXXXXXXXXXXXXXXXXXXXXXXXXXXXXXXXXXXXXXXXXXXX
; XXXXXXXXXXXXXXXXXXXXXXXXXXXXXXXXXXXXXXXXXXXXXXXXXXXXXXXXXXXX
; XXXXXXXXXXXXXXXXXXXXXXXXXXXXXXXXXXXXXXXXXXXXXXXXXXXXXXXXXXXX
; XXXXXXXXXXXXXXXXXXXXXXXXXXXXXXXXXXXXXXXXXXXXXXXXXXXXXXXXXXXX
; XXXXXXXXXXXXXXXXXXXXXXXXXXXXXXXXXXXXXXXXXXXXXXXXXXXXXXXXXXXX
; XXXXXXXXXXXXXXXXXXXXXXXXXXXXXXXXXXXXXXXXXXXXXXXXXXXXXXXXXXXX
; XXXXXXXXXXXXXXXXXXXXXXXXXXXXXXXXXXXXXXXXXXXXXXXXXXXXXXXXXXXX
; XXXXXXXXXXXXXXXXXXXXXXXXXXXXXXXXXXXXXXXXXXXXXXXXXXXXXXXXXXXX
; XXXXXXXXXXXXXXXXXXXXXXXXXXXXXXXXXXXXXXXXXXXXXXXXXXXXXXXXXXXX
; XXXXXXXXXXXXXXXXXXXXXXXXXXXXXXXXXXXXXXXXXXXXXXXXXXXXXXXXXXXX
; XXXXXXXXXXXXXXXXXXXXXXXXXXXXXXXXXXXXXXXXXXXXXXXXXXXXXXXXXXXX
; XXXXXXXXXXXXXXXXXXXXXXXXXXXXXXXXXXXXXXXXXXXXXXXXXXXXXXXXXXXX
; XXXXXXXXXXXXXXXXXXXXXXXXXXXXXXXXXXXXXXXXXXXXXXXXXXXXXXXXXXXX
; XXXXXXXXXXXXXXXXXXXXXXXXXXXXXXXXXXXXXXXXXXXXXXXXXXXXXXXXXXXX
; XXXXXXXXXXXXXXXXXXXXXXXXXXXXXXXXXXXXXXXXXXXXXXXXXXXXXXXXXXXX
; XXXXXXXXXXXXXXXXXXXXXXXXXXXXXXXXXXXXXXXXXXXXXXXXXXXXXXXXXXXX
; XXXXXXXXXXXXXXXXXXXXXXXXXXXXXXXXXXXXXXXXXXXXXXXXXXXXXXXXXXXX
; XXXXXXXXXXXXXXXXXXXXXXXXXXXXXXXXXXXXXXXXXXXXXXXXXXXXXXXXXXXX
; XXXXXXXXXXXXXXXXXXXXXXXXXXXXXXXXXXXXXXXXXXXXXXXXXXXXXXXXXXXX
